###############################################################################
#
# IAR ELF Linker V9.20.1.318/W64 for ARM                  02/Oct/2022  21:58:09
# Copyright 2007-2021 IAR Systems AB.
#
#    Output file  =
#        C:\Users\slawe\Desktop\Test_project\BIN\v_1.0\ServoTest\Debug\Exe\ServoTest.out_nochecksum
#    Map file     =
#        C:\Users\slawe\Desktop\Test_project\BIN\v_1.0\ServoTest\Debug\List\ServoTest.map
#    Command line =
#        -f
#        C:\Users\slawe\Desktop\Test_project\BIN\v_1.0\ServoTest\Debug\Exe\ServoTest.out_nochecksum.rsp
#        (C:\Users\slawe\Desktop\Test_project\BIN\v_1.0\ServoTest\Debug\Obj\Board\board.o
#        C:\Users\slawe\Desktop\Test_project\BIN\v_1.0\ServoTest\Debug\Obj\CustomStartUp.o
#        C:\Users\slawe\Desktop\Test_project\BIN\v_1.0\ServoTest\Debug\Obj\main.o
#        C:\Users\slawe\Desktop\Test_project\BIN\v_1.0\ServoTest\Debug\Obj\PWM\PWM.o
#        --redirect _Printf=_PrintfFullNoMb --redirect _Scanf=_ScanfFullNoMb
#        --no_out_extension -o
#        C:\Users\slawe\Desktop\Test_project\BIN\v_1.0\ServoTest\Debug\Exe\ServoTest.out_nochecksum
#        --map
#        C:\Users\slawe\Desktop\Test_project\BIN\v_1.0\ServoTest\Debug\List\ServoTest.map
#        --config
#        C:\Users\slawe\Desktop\Test_project\BIN\v_1.0\ServoTest\LPC1768_Flash.icf
#        --semihosting --entry __iar_program_start --vfe --text_out locale)
#
###############################################################################

*******************************************************************************
*** RUNTIME MODEL ATTRIBUTES
***

CppFlavor       = *
__CPP_Runtime   = 1
__SystemLibrary = DLib
__dlib_version  = 6


*******************************************************************************
*** HEAP SELECTION
***

The basic heap was selected because no calls to memory allocation
functions were found in the application outside of system library
functions, and there are calls to deallocation functions in the
application.


*******************************************************************************
*** PLACEMENT SUMMARY
***

"A0":  place at address 0x0 { ro section .intvec };
"P1":  place in [from 0x0 to 0xdfff] { ro };
define block CSTACK with size = 2K, alignment = 8 { };
define block HEAP with size = 1K, alignment = 8 { };
"P2":  place in [from 0x1000'0000 to 0x1000'7fff] {
          rw, block CSTACK, block HEAP };
"P4":  place in [from 0x2fc to 0x2ff] { section .crp };

No sections matched the following patterns:

  rw data section AHB_RAM_MEMORY  in "P3"
  section EMAC_DMA_RAM            in "P3"
  section USB_DMA_RAM             in "P3"


  Section          Kind         Address   Size  Object
  -------          ----         -------   ----  ------
"A0":                                     0xc4
  .intvec          ro code          0x0   0xc4  CustomStartUp.o [1]
                                 - 0xc4   0xc4

"P1", part 1 of 2:                       0x1ea
  .text            ro code         0xc4   0x24  ABIassert.o [7]
  .text            ro code         0xe8   0x1c  U32ToDbl.o [5]
  .text            ro code        0x104  0x1aa  DblMul.o [5]
                                - 0x2ae  0x1ea

"P4":                                      0x4
  .crp             ro code        0x2fc    0x4  CustomStartUp.o [1]
                                - 0x300    0x4

"P1", part 2 of 2:                       0x88c
  .text            ro code        0x300  0x2a0  main.o [1]
  .text            ro code        0x5a0   0x68  DblToFlt.o [5]
  .text            ro code        0x608   0x18  FltToU32.o [5]
  .text            ro code        0x620  0x15c  PWM.o [3]
  .text            ro code        0x77c  0x214  board.o [2]
  .text            ro code        0x990    0x6  abort.o [4]
  .text            ro code        0x998   0x14  exit.o [7]
  .rodata          const          0x9ac   0x40  main.o [1]
  .text            ro code        0x9ec   0x38  zero_init3.o [6]
  .rodata          const          0xa24   0x28  main.o [1]
  .text            ro code        0xa4c   0x28  data_init.o [6]
  .iar.init_table  const          0xa74   0x10  - Linker created -
  .text            ro code        0xa84   0x1e  cmain.o [6]
  .text            ro code        0xaa2    0x4  low_level_init.o [4]
  .text            ro code        0xaa6    0x4  exit.o [4]
  .text            ro code        0xaac    0xa  cexit.o [6]
  .text            ro code        0xab8   0x1c  cstartup_M.o [6]
  .text            ro code        0xad4   0x10  CustomStartUp.o [1]
  .text            ro code        0xae4    0xc  CustomStartUp.o [1]
  .text            ro code        0xaf0    0x4  CustomStartUp.o [1]
  .text            ro code        0xaf4    0x4  CustomStartUp.o [1]
  .text            ro code        0xaf8    0x4  CustomStartUp.o [1]
  .text            ro code        0xafc    0x4  CustomStartUp.o [1]
  .text            ro code        0xb00    0x4  CustomStartUp.o [1]
  .text            ro code        0xb04    0x4  CustomStartUp.o [1]
  .text            ro code        0xb08    0x4  CustomStartUp.o [1]
  .text            ro code        0xb0c    0x4  CustomStartUp.o [1]
  .text            ro code        0xb10    0x4  CustomStartUp.o [1]
  .text            ro code        0xb14    0x4  CustomStartUp.o [1]
  .text            ro code        0xb18    0x4  CustomStartUp.o [1]
  .text            ro code        0xb1c    0x4  CustomStartUp.o [1]
  .text            ro code        0xb20    0x4  CustomStartUp.o [1]
  .text            ro code        0xb24    0x4  CustomStartUp.o [1]
  .text            ro code        0xb28    0x4  CustomStartUp.o [1]
  .text            ro code        0xb2c    0x4  CustomStartUp.o [1]
  .text            ro code        0xb30    0x4  CustomStartUp.o [1]
  .text            ro code        0xb34    0x4  CustomStartUp.o [1]
  .text            ro code        0xb38    0x4  CustomStartUp.o [1]
  .text            ro code        0xb3c    0x4  CustomStartUp.o [1]
  .text            ro code        0xb40    0x4  CustomStartUp.o [1]
  .text            ro code        0xb44    0x4  CustomStartUp.o [1]
  .text            ro code        0xb48    0x4  CustomStartUp.o [1]
  .text            ro code        0xb4c    0x4  CustomStartUp.o [1]
  .text            ro code        0xb50    0x4  CustomStartUp.o [1]
  .text            ro code        0xb54    0x4  CustomStartUp.o [1]
  .text            ro code        0xb58    0x4  CustomStartUp.o [1]
  .text            ro code        0xb5c    0x4  CustomStartUp.o [1]
  .text            ro code        0xb60    0x4  CustomStartUp.o [1]
  .text            ro code        0xb64    0x4  CustomStartUp.o [1]
  .text            ro code        0xb68    0x4  CustomStartUp.o [1]
  .text            ro code        0xb6c    0x4  CustomStartUp.o [1]
  .text            ro code        0xb70    0x4  CustomStartUp.o [1]
  .text            ro code        0xb74    0x4  CustomStartUp.o [1]
  .text            ro code        0xb78    0x4  CustomStartUp.o [1]
  .text            ro code        0xb7c    0x4  CustomStartUp.o [1]
  .text            ro code        0xb80    0x4  CustomStartUp.o [1]
  .text            ro code        0xb84    0x4  CustomStartUp.o [1]
  .text            ro code        0xb88    0x4  CustomStartUp.o [1]
  .rodata          const          0xb8c    0x0  zero_init3.o [6]
                                - 0xb8c  0x88c

"P2", part 1 of 2:                         0x8
  .bss             zero     0x1000'0000    0x4  main.o [1]
  .bss             zero     0x1000'0004    0x4  main.o [1]
                          - 0x1000'0008    0x8

"P2", part 2 of 2:                       0x800
  CSTACK                    0x1000'0008  0x800  <Block>
    CSTACK         uninit   0x1000'0008  0x800  <Block tail>
                          - 0x1000'0808  0x800

Absolute sections, part 1 of 28:           0x4
  .noinit          uninit   0x2009'c000    0x4  board.o [2]
                          - 0x2009'c004    0x4

Absolute sections, part 2 of 28:           0x8
  .noinit          uninit   0x2009'c010    0x4  board.o [2]
  .noinit          uninit   0x2009'c014    0x4  main.o [1]
                          - 0x2009'c018    0x8

Absolute sections, part 3 of 28:           0x4
  .noinit          uninit   0x2009'c020    0x4  board.o [2]
                          - 0x2009'c024    0x4

Absolute sections, part 4 of 28:           0x4
  .noinit          uninit   0x2009'c030    0x4  board.o [2]
                          - 0x2009'c034    0x4

Absolute sections, part 5 of 28:           0x4
  .noinit          uninit   0x2009'c040    0x4  board.o [2]
                          - 0x2009'c044    0x4

Absolute sections, part 6 of 28:           0x4
  .noinit          uninit   0x2009'c050    0x4  board.o [2]
                          - 0x2009'c054    0x4

Absolute sections, part 7 of 28:           0xc
  .noinit          uninit   0x2009'c058    0x4  main.o [1]
  .noinit          uninit   0x2009'c05c    0x4  board.o [2]
  .noinit          uninit   0x2009'c060    0x4  board.o [2]
                          - 0x2009'c064    0xc

Absolute sections, part 8 of 28:           0x4
  .noinit          uninit   0x2009'c070    0x4  board.o [2]
                          - 0x2009'c074    0x4

Absolute sections, part 9 of 28:           0x4
  .noinit          uninit   0x2009'c080    0x4  board.o [2]
                          - 0x2009'c084    0x4

Absolute sections, part 10 of 28:          0x4
  .noinit          uninit   0x2009'c090    0x4  board.o [2]
                          - 0x2009'c094    0x4

Absolute sections, part 11 of 28:          0x8
  .noinit          uninit   0x4000'4000    0x4  main.o [1]
  .noinit          uninit   0x4000'4004    0x4  main.o [1]
                          - 0x4000'4008    0x8

Absolute sections, part 12 of 28:          0x4
  .noinit          uninit   0x4000'400c    0x4  main.o [1]
                          - 0x4000'4010    0x4

Absolute sections, part 13 of 28:          0x8
  .noinit          uninit   0x4000'4014    0x4  main.o [1]
  .noinit          uninit   0x4000'4018    0x4  main.o [1]
                          - 0x4000'401c    0x8

Absolute sections, part 14 of 28:          0x4
  .noinit          uninit   0x4000'4070    0x4  main.o [1]
                          - 0x4000'4074    0x4

Absolute sections, part 15 of 28:         0x10
  .noinit          uninit   0x4001'8000    0x4  PWM.o [3]
  .noinit          uninit   0x4001'8004    0x4  PWM.o [3]
  .noinit          uninit   0x4001'8008    0x4  PWM.o [3]
  .noinit          uninit   0x4001'800c    0x4  PWM.o [3]
                          - 0x4001'8010   0x10

Absolute sections, part 16 of 28:         0x14
  .noinit          uninit   0x4001'8014    0x4  PWM.o [3]
  .noinit          uninit   0x4001'8018    0x4  PWM.o [3]
  .noinit          uninit   0x4001'801c    0x4  PWM.o [3]
  .noinit          uninit   0x4001'8020    0x4  PWM.o [3]
  .noinit          uninit   0x4001'8024    0x4  PWM.o [3]
                          - 0x4001'8028   0x14

Absolute sections, part 17 of 28:         0x14
  .noinit          uninit   0x4001'8040    0x4  PWM.o [3]
  .noinit          uninit   0x4001'8044    0x4  PWM.o [3]
  .noinit          uninit   0x4001'8048    0x4  PWM.o [3]
  .noinit          uninit   0x4001'804c    0x4  PWM.o [3]
  .noinit          uninit   0x4001'8050    0x4  PWM.o [3]
                          - 0x4001'8054   0x14

Absolute sections, part 18 of 28:         0x14
  .noinit          uninit   0x4002'c000    0x4  board.o [2]
  .noinit          uninit   0x4002'c004    0x4  board.o [2]
  .noinit          uninit   0x4002'c008    0x4  board.o [2]
  .noinit          uninit   0x4002'c00c    0x4  board.o [2]
  .noinit          uninit   0x4002'c010    0x4  board.o [2]
                          - 0x4002'c014   0x14

Absolute sections, part 19 of 28:          0xc
  .noinit          uninit   0x4002'c01c    0x4  board.o [2]
  .noinit          uninit   0x4002'c020    0x4  board.o [2]
  .noinit          uninit   0x4002'c024    0x4  board.o [2]
                          - 0x4002'c028    0xc

Absolute sections, part 20 of 28:          0x4
  .noinit          uninit   0x400f'c000    0x4  board.o [2]
                          - 0x400f'c004    0x4

Absolute sections, part 21 of 28:         0x10
  .noinit          uninit   0x400f'c080    0x4  board.o [2]
  .noinit          uninit   0x400f'c084    0x4  board.o [2]
  .noinit          uninit   0x400f'c088    0x4  board.o [2]
  .noinit          uninit   0x400f'c08c    0x4  board.o [2]
                          - 0x400f'c090   0x10

Absolute sections, part 22 of 28:          0x4
  .noinit          uninit   0x400f'c0c4    0x4  main.o [1]
                          - 0x400f'c0c8    0x4

Absolute sections, part 23 of 28:          0x4
  .noinit          uninit   0x400f'c104    0x4  board.o [2]
                          - 0x400f'c108    0x4

Absolute sections, part 24 of 28:          0x4
  .noinit          uninit   0x400f'c10c    0x4  board.o [2]
                          - 0x400f'c110    0x4

Absolute sections, part 25 of 28:          0x4
  .noinit          uninit   0x400f'c1a0    0x4  board.o [2]
                          - 0x400f'c1a4    0x4

Absolute sections, part 26 of 28:          0x8
  .noinit          uninit   0x400f'c1a8    0x4  board.o [2]
  .noinit          uninit   0x400f'c1ac    0x4  board.o [2]
                          - 0x400f'c1b0    0x8

Absolute sections, part 27 of 28:          0x4
  .noinit          uninit   0xe000'e100    0x4  main.o [1]
                          - 0xe000'e104    0x4

Absolute sections, part 28 of 28:          0x4
  .noinit          uninit   0xe000'e280    0x4  main.o [1]
                          - 0xe000'e284    0x4

Unused ranges:

         From           To    Size
         ----           --    ----
        0x2ae        0x2fb    0x4e
        0xb8c       0xdfff  0xd474
  0x1000'0808  0x1000'7fff  0x77f8


*******************************************************************************
*** INIT TABLE
***

          Address      Size
          -------      ----
Zero (__iar_zero_init3)
    1 destination range, total size 0x8:
          0x1000'0000   0x8



*******************************************************************************
*** MODULE SUMMARY
***

    Module            ro code  ro data  rw data  rw data
                                                  (abs)
    ------            -------  -------  -------  -------
command line/config:
    ----------------------------------------------------
    Total:

C:\Users\slawe\Desktop\Test_project\BIN\v_1.0\ServoTest\Debug\Obj: [1]
    CustomStartUp.o       384
    main.o                672      104        8       44
    ----------------------------------------------------
    Total:              1'056      104        8       44

C:\Users\slawe\Desktop\Test_project\BIN\v_1.0\ServoTest\Debug\Obj\Board: [2]
    board.o               532                        116
    ----------------------------------------------------
    Total:                532                        116

C:\Users\slawe\Desktop\Test_project\BIN\v_1.0\ServoTest\Debug\Obj\PWM: [3]
    PWM.o                 348                         56
    ----------------------------------------------------
    Total:                348                         56

dl7M_tln.a: [4]
    abort.o                 6
    exit.o                  4
    low_level_init.o        4
    ----------------------------------------------------
    Total:                 14

m7M_tl.a: [5]
    DblMul.o              426
    DblToFlt.o            104
    FltToU32.o             24
    U32ToDbl.o             28
    ----------------------------------------------------
    Total:                582

rt7M_tl.a: [6]
    cexit.o                10
    cmain.o                30
    cstartup_M.o           28
    data_init.o            40
    zero_init3.o           56
    ----------------------------------------------------
    Total:                164

shb_l.a: [7]
    ABIassert.o            36
    exit.o                 20
    ----------------------------------------------------
    Total:                 56

    Gaps                    6
    Linker created                  16    2'048
--------------------------------------------------------
    Grand Total:        2'758      120    2'056      216


*******************************************************************************
*** ENTRY LIST
***

Entry                       Address   Size  Type      Object
-----                       -------   ----  ----      ------
.iar.init_table$$Base         0xa74          --   Gb  - Linker created -
.iar.init_table$$Limit        0xa84          --   Gb  - Linker created -
?main                         0xa85         Code  Gb  cmain.o [6]
BoardInit                     0x77d  0x116  Code  Gb  board.o [2]
CSTACK$$Base            0x1000'0008          --   Gb  - Linker created -
CSTACK$$Limit           0x1000'0808          --   Gb  - Linker created -
CurrentAngle            0x1000'0004    0x4  Data  Gb  main.o [1]
DelayCounter            0x1000'0000    0x4  Data  Gb  main.o [1]
Delay_mS                      0x301   0x40  Code  Gb  main.o [1]
InitPWM                       0x621   0x74  Code  Gb  PWM.o [3]
InitPerepherals               0x893   0x88  Code  Gb  board.o [2]
InitTimer0                    0x3b9   0x74  Code  Gb  main.o [1]
JumpToFirmware                0xae9         Code  Gb  CustomStartUp.o [1]
NVIC_ClrPend                  0x37d   0x3c  Code  Gb  main.o [1]
NVIC_IntEnable                0x341   0x3c  Code  Gb  main.o [1]
PWM1_IRQHandler               0x695   0x24  Code  Gb  PWM.o [3]
ReadEncoder                   0x479   0x46  Code  Gb  main.o [1]
Region$$Table$$Base           0xa74          --   Gb  - Linker created -
Region$$Table$$Limit          0xa84          --   Gb  - Linker created -
SetPWM1                       0x6b9   0x7e  Code  Gb  PWM.o [3]
SetServoAngle                 0x44b   0x2e  Code  Gb  main.o [1]
TIMER0_IRQHandler             0x42d   0x1e  Code  Gb  main.o [1]
_A_FIO2CLR              0x2009'c05c    0x4  Data  Wk  board.o [2]
_A_PCLKSEL0             0x400f'c1a8    0x4  Data  Wk  board.o [2]
_A_PCONP                0x400f'c0c4    0x4  Data  Wk  main.o [1]
_A_PINSEL4              0x4002'c010    0x4  Data  Wk  board.o [2]
__Vectors                       0x0          --   Gb  CustomStartUp.o [1]
__Vectors_End                  0xc4         Data  Gb  CustomStartUp.o [1]
__Vectors_Size {Abs}           0xc4          --   Gb  CustomStartUp.o [1]
__aeabi_assert                 0xc5   0x24  Code  Gb  ABIassert.o [7]
__aeabi_d2f                   0x5a1         Code  Gb  DblToFlt.o [5]
__aeabi_dmul                  0x105         Code  Gb  DblMul.o [5]
__aeabi_f2uiz                 0x609         Code  Gb  FltToU32.o [5]
__aeabi_ui2d                   0xe9         Code  Gb  U32ToDbl.o [5]
__cmain                       0xa85         Code  Gb  cmain.o [6]
__exit                        0x999   0x14  Code  Gb  exit.o [7]
__iar_data_init3              0xa4d   0x28  Code  Gb  data_init.o [6]
__iar_program_start           0xab9         Code  Gb  cstartup_M.o [6]
__iar_zero_init3              0x9ed   0x38  Code  Gb  zero_init3.o [6]
__low_level_init              0xaa3    0x4  Code  Gb  low_level_init.o [4]
__vector_table                  0x0         Data  Gb  CustomStartUp.o [1]
__vector_table_0x1c            0x1c         Data  Gb  CustomStartUp.o [1]
_call_main                    0xa91         Code  Gb  cmain.o [6]
_exit                         0xaad         Code  Gb  cexit.o [6]
abort                         0x991    0x6  Code  Gb  abort.o [4]
exit                          0xaa7    0x4  Code  Gb  exit.o [4]
main                          0x4bf   0x9e  Code  Gb  main.o [1]


[1] = C:\Users\slawe\Desktop\Test_project\BIN\v_1.0\ServoTest\Debug\Obj
[2] = C:\Users\slawe\Desktop\Test_project\BIN\v_1.0\ServoTest\Debug\Obj\Board
[3] = C:\Users\slawe\Desktop\Test_project\BIN\v_1.0\ServoTest\Debug\Obj\PWM
[4] = dl7M_tln.a
[5] = m7M_tl.a
[6] = rt7M_tl.a
[7] = shb_l.a

  2'758 bytes of readonly  code memory
    120 bytes of readonly  data memory
  2'056 bytes of readwrite data memory (+ 216 absolute)

Errors: none
Warnings: none
